/*C5*/SET SCHEMA PUBLIC
DISCONNECT
/*C7*/SET SCHEMA PUBLIC
DISCONNECT
/*C6*/SET SCHEMA PUBLIC
DISCONNECT
/*C8*/SET SCHEMA PUBLIC
INSERT INTO ALUNOS VALUES(123,'aaa','2000-01-01',2000.00)
COMMIT
DISCONNECT
/*C9*/SET SCHEMA PUBLIC
INSERT INTO ALUNOS VALUES(222,'bbb','2000-02-01',3000.00)
COMMIT
